Microchip MPLAB XC8 Compiler V2.30

Linker command line:

-W-3 --edf=C:\Program Files\Microchip\xc8\v2.30\pic\dat\en_msgs.txt -cn \
  -h+dist/default/production\LEDs.X.production.sym \
  --cmf=dist/default/production\LEDs.X.production.cmf -z -Q18F46K20 \
  -oC:\Users\ayman\AppData\Local\Temp\sc6kx2 --defsym=__MPLAB_BUILD=1 \
  -Mdist/default/production/LEDs.X.production.map -E1 -ver=XC8 Compiler \
  --acfsm=1493 -ASTACK=060h-0F5Fh -pstack=STACK -ACODE=00h-0FFFFh \
  -ACONST=00h-0FFFFh -ASMALLCONST=01000h-010FFhx240 \
  -AMEDIUMCONST=01000h-0FFFFh -ACOMRAM=01h-05Fh -AABS1=00h-0F5Fh \
  -ABIGRAM=01h-0F5Fh -ARAM=060h-0FFh,0100h-01FFhx14,0F00h-0F5Fh \
  -ABANK0=060h-0FFh -ABANK1=0100h-01FFh -ABANK2=0200h-02FFh \
  -ABANK3=0300h-03FFh -ABANK4=0400h-04FFh -ABANK5=0500h-05FFh \
  -ABANK6=0600h-06FFh -ABANK7=0700h-07FFh -ABANK8=0800h-08FFh \
  -ABANK9=0900h-09FFh -ABANK10=0A00h-0AFFh -ABANK11=0B00h-0BFFh \
  -ABANK12=0C00h-0CFFh -ABANK13=0D00h-0DFFh -ABANK14=0E00h-0EFFh \
  -ABANK15=0F00h-0F5Fh -ASFR=0F60h-0FFFh -ACONFIG=0300000h-030000Dh \
  -AIDLOC=0200000h-0200007h -AEEDATA=0F00000h-0F003FFh -peeprom_data=EEDATA \
  -preset_vec=00h,intcode,intcodelo,powerup,init -pramtop=01000h \
  -psmallconst=SMALLCONST -pmediumconst=MEDIUMCONST -pconst=CONST \
  -AFARRAM=00h-00h \
  -prdata=COMRAM,nvrram=COMRAM,nvbit=COMRAM,rbss=COMRAM,rbit=COMRAM \
  -pfarbss=FARRAM,fardata=FARRAM,nvFARRAM=FARRAM \
  -pintsave_regs=BIGRAM,bigbss=BIGRAM,bigdata=BIGRAM -pbss=RAM \
  -pidata=CODE,irdata=CODE,ibigdata=CODE,ifardata=CODE -prparam=COMRAM \
  C:\Users\ayman\AppData\Local\Temp\sc6kx8.o \
  dist/default/production\LEDs.X.production.o 

Object code version is 3.11

Machine type is 18F46K20



                Name                               Link     Load   Length Selector   Space Scale
C:\Users\ayman\AppData\Local\Temp\sc6kx8.o
                idloc                            200000   200000        8        0       5
                config                           300000   300000        E        0       4
                init                                  0        0        4        0       0
dist/default/production\LEDs.X.production.o
                idloc                            200000   200000        8        0       5
                config                           300000   300000        E        0       4
                text8                              F8A6     F8A6       70     7C53       0
                text7                              FB24     FB24       9C     7D92       0
                text6                              FBC0     FBC0       C8     7DE0       0
                text5                              F916     F916       76     7C8B       0
                text4                              FC88     FC88       C8     7E44       0
                text3                              FA8C     FA8C       98     7D46       0
                text2                              F98C     F98C       80     7CC6       0
                text1                              FA0C     FA0C       80     7D06       0
                text0                              FD50     FD50      2B0     7EA8       0
                cstackCOMRAM                         23       23       12        1       1
                dataCOMRAM                            1        1       22        1       1
                bssCOMRAM                            35       35        1        1       1
                cinit                              F87A     F87A       2C     7C3D       0
                idataCOMRAM                        F858     F858       22     F858       0

TOTAL           Name                               Link     Load   Length     Space
        CLASS   STACK          

        CLASS   CODE           
                init                                  0        0        4         0
                text8                              F8A6     F8A6       70         0
                text7                              FB24     FB24       9C         0
                text6                              FBC0     FBC0       C8         0
                text5                              F916     F916       76         0
                text4                              FC88     FC88       C8         0
                text3                              FA8C     FA8C       98         0
                text2                              F98C     F98C       80         0
                text1                              FA0C     FA0C       80         0
                text0                              FD50     FD50      2B0         0
                cinit                              F87A     F87A       2C         0
                idataCOMRAM                        F858     F858       22         0

        CLASS   CONST          

        CLASS   SMALLCONST     

        CLASS   MEDIUMCONST    

        CLASS   COMRAM         
                cstackCOMRAM                         23       23       12         1
                dataCOMRAM                            1        1       22         1
                bssCOMRAM                            35       35        1         1

        CLASS   ABS1           

        CLASS   BIGRAM         

        CLASS   RAM            

        CLASS   BANK0          

        CLASS   BANK1          

        CLASS   BANK2          

        CLASS   BANK3          

        CLASS   BANK4          

        CLASS   BANK5          

        CLASS   BANK6          

        CLASS   BANK7          

        CLASS   BANK8          

        CLASS   BANK9          

        CLASS   BANK10         

        CLASS   BANK11         

        CLASS   BANK12         

        CLASS   BANK13         

        CLASS   BANK14         

        CLASS   BANK15         

        CLASS   SFR            

        CLASS   CONFIG         
                config                           300000   300000        E         4

        CLASS   IDLOC          
                idloc                            200000   200000        8         5

        CLASS   EEDATA         

        CLASS   FARRAM         



SEGMENTS        Name                           Load    Length   Top    Selector   Space  Class

                reset_vec                      000000  000004  000004         0       0  CODE    
                dataCOMRAM                     000001  000035  000036         1       1  COMRAM  
                idataCOMRAM                    00F858  000022  00F87A      F858       0  CODE    
                cinit                          00F87A  00002C  00F8A6      7C3D       0  CODE    
                text8                          00F8A6  000070  00F916      7C53       0  CODE    
                text5                          00F916  000076  00F98C      7C8B       0  CODE    
                text2                          00F98C  000080  00FA0C      7CC6       0  CODE    
                text1                          00FA0C  000080  00FA8C      7D06       0  CODE    
                text3                          00FA8C  000098  00FB24      7D46       0  CODE    
                text7                          00FB24  00009C  00FBC0      7D92       0  CODE    
                text6                          00FBC0  0000C8  00FC88      7DE0       0  CODE    
                text4                          00FC88  0000C8  00FD50      7E44       0  CODE    
                text0                          00FD50  0002B0  010000      7EA8       0  CODE    


UNUSED ADDRESS RANGES

        Name                Unused          Largest block    Delta
        BANK0            000060-0000FF               A0
        BANK1            000100-0001FF              100
        BANK10           000A00-000AFF              100
        BANK11           000B00-000BFF              100
        BANK12           000C00-000CFF              100
        BANK13           000D00-000DFF              100
        BANK14           000E00-000EFF              100
        BANK15           000F00-000F5F               60
        BANK2            000200-0002FF              100
        BANK3            000300-0003FF              100
        BANK4            000400-0004FF              100
        BANK5            000500-0005FF              100
        BANK6            000600-0006FF              100
        BANK7            000700-0007FF              100
        BANK8            000800-0008FF              100
        BANK9            000900-0009FF              100
        BIGRAM           000036-000F5F              F2A
        CODE             000004-00F857             F854
        COMRAM           000036-00005F               2A
        CONST            000004-00F857             F854
        EEDATA           F00000-F003FF              400
        MEDIUMCONST      001000-00F857             E858
        RAM              000060-000F5F              100
        SFR              000F60-000FFF               A0
        SMALLCONST       001000-00F857              100
        STACK            000060-000F5F              F00

                                  Symbol Table

_LATA                                  (abs)        000F89
_LATB                                  (abs)        000F8A
_LATC                                  (abs)        000F8B
_LATD                                  (abs)        000F8C
_LATE                                  (abs)        000F8D
_PORTA                                 (abs)        000F80
_PORTB                                 (abs)        000F81
_PORTC                                 (abs)        000F82
_PORTD                                 (abs)        000F83
_PORTE                                 (abs)        000F84
_TRISA                                 (abs)        000F92
_TRISB                                 (abs)        000F93
_TRISC                                 (abs)        000F94
_TRISD                                 (abs)        000F95
_TRISE                                 (abs)        000F96
__HRAM                                 (abs)        000000
__Habs1                                abs1         000000
__Hbank0                               bank0        000000
__Hbank1                               bank1        000000
__Hbank10                              bank10       000000
__Hbank11                              bank11       000000
__Hbank12                              bank12       000000
__Hbank13                              bank13       000000
__Hbank14                              bank14       000000
__Hbank15                              bank15       000000
__Hbank2                               bank2        000000
__Hbank3                               bank3        000000
__Hbank4                               bank4        000000
__Hbank5                               bank5        000000
__Hbank6                               bank6        000000
__Hbank7                               bank7        000000
__Hbank8                               bank8        000000
__Hbank9                               bank9        000000
__Hbigbss                              bigbss       000000
__Hbigdata                             bigdata      000000
__Hbigram                              bigram       000000
__Hbss                                 bss          000000
__HbssCOMRAM                           bssCOMRAM    000000
__Hcinit                               cinit        000000
__Hclrtext                             clrtext      000000
__Hcomram                              comram       000000
__Hconfig                              config       30000E
__Hconst                               const        000000
__HcstackCOMRAM                        cstackCOMRAM 000000
__Hdata                                data         000000
__HdataCOMRAM                          dataCOMRAM   000000
__Heeprom_data                         eeprom_data  000000
__Hfarbss                              farbss       000000
__Hfardata                             fardata      000000
__Hibigdata                            ibigdata     000000
__Hidata                               idata        000000
__HidataCOMRAM                         idataCOMRAM  000000
__Hidloc                               idloc        200008
__Hifardata                            ifardata     000000
__Hinit                                init         000004
__Hintcode                             intcode      000000
__Hintcode_body                        intcode_body 000000
__Hintcodelo                           intcodelo    000000
__Hintentry                            intentry     000000
__Hintret                              intret       000000
__Hintsave_regs                        intsave_regs 000000
__Hirdata                              irdata       000000
__Hmediumconst                         mediumconst  000000
__HnvFARRAM                            nvFARRAM     000000
__Hnvbit                               nvbit        000000
__Hnvrram                              nvrram       000000
__Hparam                               rparam       000000
__Hpowerup                             powerup      000000
__Hram                                 ram          000000
__Hramtop                              ramtop       001000
__Hrbit                                rbit         000000
__Hrbss                                rbss         000000
__Hrdata                               rdata        000000
__Hreset_vec                           reset_vec    000000
__Hrparam                              rparam       000000
__Hsfr                                 sfr          000000
__Hsmallconst                          smallconst   000000
__Hspace_0                             (abs)        010000
__Hspace_1                             (abs)        000036
__Hspace_2                             (abs)        000000
__Hspace_4                             (abs)        60000E
__Hstack                               stack        000000
__Hstruct                              struct       000000
__Htemp                                temp         000000
__Htext                                text         000000
__Htext0                               text0        000000
__Htext1                               text1        000000
__Htext2                               text2        000000
__Htext3                               text3        000000
__Htext4                               text4        000000
__Htext5                               text5        000000
__Htext6                               text6        000000
__Htext7                               text7        000000
__Htext8                               text8        000000
__LRAM                                 (abs)        000001
__Labs1                                abs1         000000
__Lbank0                               bank0        000000
__Lbank1                               bank1        000000
__Lbank10                              bank10       000000
__Lbank11                              bank11       000000
__Lbank12                              bank12       000000
__Lbank13                              bank13       000000
__Lbank14                              bank14       000000
__Lbank15                              bank15       000000
__Lbank2                               bank2        000000
__Lbank3                               bank3        000000
__Lbank4                               bank4        000000
__Lbank5                               bank5        000000
__Lbank6                               bank6        000000
__Lbank7                               bank7        000000
__Lbank8                               bank8        000000
__Lbank9                               bank9        000000
__Lbigbss                              bigbss       000000
__Lbigdata                             bigdata      000000
__Lbigram                              bigram       000000
__Lbss                                 bss          000000
__LbssCOMRAM                           bssCOMRAM    000000
__Lcinit                               cinit        000000
__Lclrtext                             clrtext      000000
__Lcomram                              comram       000000
__Lconfig                              config       000000
__Lconst                               const        000000
__LcstackCOMRAM                        cstackCOMRAM 000000
__Ldata                                data         000000
__LdataCOMRAM                          dataCOMRAM   000000
__Leeprom_data                         eeprom_data  000000
__Lfarbss                              farbss       000000
__Lfardata                             fardata      000000
__Libigdata                            ibigdata     000000
__Lidata                               idata        000000
__LidataCOMRAM                         idataCOMRAM  000000
__Lidloc                               idloc        000000
__Lifardata                            ifardata     000000
__Linit                                init         000000
__Lintcode                             intcode      000000
__Lintcode_body                        intcode_body 000000
__Lintcodelo                           intcodelo    000000
__Lintentry                            intentry     000000
__Lintret                              intret       000000
__Lintsave_regs                        intsave_regs 000000
__Lirdata                              irdata       000000
__Lmediumconst                         mediumconst  000000
__LnvFARRAM                            nvFARRAM     000000
__Lnvbit                               nvbit        000000
__Lnvrram                              nvrram       000000
__Lparam                               rparam       000000
__Lpowerup                             powerup      000000
__Lram                                 ram          000000
__Lramtop                              ramtop       001000
__Lrbit                                rbit         000000
__Lrbss                                rbss         000000
__Lrdata                               rdata        000000
__Lreset_vec                           reset_vec    000000
__Lrparam                              rparam       000000
__Lsfr                                 sfr          000000
__Lsmallconst                          smallconst   000000
__Lspace_0                             (abs)        000000
__Lspace_1                             (abs)        000000
__Lspace_2                             (abs)        000000
__Lspace_4                             (abs)        000000
__Lstack                               stack        000000
__Lstruct                              struct       000000
__Ltemp                                temp         000000
__Ltext                                text         000000
__Ltext0                               text0        000000
__Ltext1                               text1        000000
__Ltext2                               text2        000000
__Ltext3                               text3        000000
__Ltext4                               text4        000000
__Ltext5                               text5        000000
__Ltext6                               text6        000000
__Ltext7                               text7        000000
__Ltext8                               text8        000000
__S0                                   (abs)        010000
__S1                                   (abs)        000036
__S2                                   (abs)        000000
__S4                                   (abs)        000000
__S5                                   (abs)        000000
___inthi_sp                            stack        000000
___intlo_sp                            stack        000000
___param_bank                          (abs)        000000
___rparam_used                         (abs)        000001
___sp                                  stack        000000
__accesstop                            (abs)        000060
__activetblptr                         (abs)        000002
__end_of__initialization               cinit        00F89C
__end_of_button_get_status             text7        00FBC0
__end_of_button_initialize             text5        00F98C
__end_of_gpio_pin_direction_intialize  text6        00FC88
__end_of_gpio_pin_read_value           text8        00F916
__end_of_gpio_pin_write_value          text4        00FD50
__end_of_led_initialize                text3        00FB24
__end_of_led_turn_off                  text2        00FA0C
__end_of_led_turn_on                   text1        00FA8C
__end_of_main                          text0        010000
__initialization                       cinit        00F87A
__mediumconst                          mediumconst  000000
__pbssCOMRAM                           bssCOMRAM    000035
__pcinit                               cinit        00F87A
__pcstackCOMRAM                        cstackCOMRAM 000023
__pdataCOMRAM                          dataCOMRAM   000001
__pidataCOMRAM                         idataCOMRAM  00F858
__ptext0                               text0        00FD50
__ptext1                               text1        00FA0C
__ptext2                               text2        00F98C
__ptext3                               text3        00FA8C
__ptext4                               text4        00FC88
__ptext5                               text5        00F916
__ptext6                               text6        00FBC0
__ptext7                               text7        00FB24
__ptext8                               text8        00F8A6
__ramtop                               ramtop       001000
__size_of_button_get_status            (abs)        000000
__size_of_button_initialize            (abs)        000000
__size_of_gpio_pin_direction_intialize (abs)        000000
__size_of_gpio_pin_read_value          (abs)        000000
__size_of_gpio_pin_write_value         (abs)        000000
__size_of_led_initialize               (abs)        000000
__size_of_led_turn_off                 (abs)        000000
__size_of_led_turn_on                  (abs)        000000
__size_of_main                         (abs)        000000
__smallconst                           smallconst   000000
_btn2                                  dataCOMRAM   00001F
_btn2_status                           bssCOMRAM    000035
_button_get_status                     text7        00FB24
_button_initialize                     text5        00F916
_gpio_pin_direction_intialize          text6        00FBC0
_gpio_pin_read_value                   text8        00F8A6
_gpio_pin_write_value                  text4        00FC88
_lat_register                          dataCOMRAM   00000B
_led1                                  dataCOMRAM   000022
_led2                                  dataCOMRAM   000021
_led3                                  dataCOMRAM   000020
_led_initialize                        text3        00FA8C
_led_turn_off                          text2        00F98C
_led_turn_on                           text1        00FA0C
_main                                  text0        00FD50
_port_register                         dataCOMRAM   000001
_tris_register                         dataCOMRAM   000015
button_get_status@btn                  cstackCOMRAM 00002C
button_get_status@btn_status           cstackCOMRAM 00002E
button_initialize@btn                  cstackCOMRAM 00002C
end_of_initialization                  cinit        00F89C
gpio_pin_direction_intialize@direction cstackCOMRAM 000024
gpio_pin_direction_intialize@pin       cstackCOMRAM 000023
gpio_pin_direction_intialize@port      cstackCOMRAM 00002B
gpio_pin_read_value@logic              cstackCOMRAM 000024
gpio_pin_read_value@pin                cstackCOMRAM 000023
gpio_pin_read_value@port               cstackCOMRAM 00002B
gpio_pin_write_value@logic             cstackCOMRAM 000024
gpio_pin_write_value@pin               cstackCOMRAM 000023
gpio_pin_write_value@port              cstackCOMRAM 00002B
intlevel0                              text         000000
intlevel1                              text         000000
intlevel2                              text         000000
intlevel3                              text         000000
led_initialize@led                     cstackCOMRAM 00002C
led_turn_off@led                       cstackCOMRAM 00002C
led_turn_on@led                        cstackCOMRAM 00002C
main@counter                           cstackCOMRAM 000034
stackhi                                (abs)        000F5F
stacklo                                (abs)        000060
start                                  init         000000
start_initialization                   cinit        00F87A


FUNCTION INFORMATION:

 *************** function _main *****************
 Defined at:
		line 19 in file "application.c"
 Parameters:    Size  Location     Type
		None
 Auto vars:     Size  Location     Type
  counter         1   17[COMRAM] unsigned char 
 Return value:  Size  Location     Type
                  2   26[None  ] int 
 Registers used:
		wreg, fsr2l, fsr2h, status,2, status,0, prodl, prodh, cstack
 Tracked objects:
		On entry : 
		On exit  : 
		Unchanged: 
 Data sizes:     COMRAM   BANK0   BANK1   BANK2   BANK3   BANK4   BANK5   BANK6   BANK7   BANK8   BANK9  BANK10  BANK11  BANK12  BANK13  BANK14  BANK15
      Params:         0       0       0       0       0       0       0       0       0       0       0       0       0       0       0       0       0
      Locals:         1       0       0       0       0       0       0       0       0       0       0       0       0       0       0       0       0
      Temps:          2       0       0       0       0       0       0       0       0       0       0       0       0       0       0       0       0
      Totals:         3       0       0       0       0       0       0       0       0       0       0       0       0       0       0       0       0
Total ram usage:        3 bytes
 Hardware stack levels required when called:    2
 This function calls:
		_button_get_status
		_button_initialize
		_led_initialize
		_led_turn_off
		_led_turn_on
 This function is called by:
		Startup code after reset
 This function uses a non-reentrant model


 *************** function _led_turn_on *****************
 Defined at:
		line 35 in file "ecu_led.c"
 Parameters:    Size  Location     Type
  led             2    9[COMRAM] PTR struct .
		 -> led3(1), led2(1), led1(1), 
 Auto vars:     Size  Location     Type
  ret             1    0        enum E2687
 Return value:  Size  Location     Type
                  1    wreg      enum E3005
 Registers used:
		wreg, fsr2l, fsr2h, status,2, status,0, prodl, prodh, cstack
 Tracked objects:
		On entry : 
		On exit  : 
		Unchanged: 
 Data sizes:     COMRAM   BANK0   BANK1   BANK2   BANK3   BANK4   BANK5   BANK6   BANK7   BANK8   BANK9  BANK10  BANK11  BANK12  BANK13  BANK14  BANK15
      Params:         2       0       0       0       0       0       0       0       0       0       0       0       0       0       0       0       0
      Locals:         1       0       0       0       0       0       0       0       0       0       0       0       0       0       0       0       0
      Temps:          1       0       0       0       0       0       0       0       0       0       0       0       0       0       0       0       0
      Totals:         4       0       0       0       0       0       0       0       0       0       0       0       0       0       0       0       0
Total ram usage:        4 bytes
 Hardware stack levels used:    1
 Hardware stack levels required when called:    1
 This function calls:
		_gpio_pin_write_value
 This function is called by:
		_main
 This function uses a non-reentrant model


 *************** function _led_turn_off *****************
 Defined at:
		line 55 in file "ecu_led.c"
 Parameters:    Size  Location     Type
  led             2    9[COMRAM] PTR struct .
		 -> led3(1), led2(1), led1(1), 
 Auto vars:     Size  Location     Type
  ret             1    0        enum E2687
 Return value:  Size  Location     Type
                  1    wreg      enum E3005
 Registers used:
		wreg, fsr2l, fsr2h, status,2, status,0, prodl, prodh, cstack
 Tracked objects:
		On entry : 
		On exit  : 
		Unchanged: 
 Data sizes:     COMRAM   BANK0   BANK1   BANK2   BANK3   BANK4   BANK5   BANK6   BANK7   BANK8   BANK9  BANK10  BANK11  BANK12  BANK13  BANK14  BANK15
      Params:         2       0       0       0       0       0       0       0       0       0       0       0       0       0       0       0       0
      Locals:         1       0       0       0       0       0       0       0       0       0       0       0       0       0       0       0       0
      Temps:          1       0       0       0       0       0       0       0       0       0       0       0       0       0       0       0       0
      Totals:         4       0       0       0       0       0       0       0       0       0       0       0       0       0       0       0       0
Total ram usage:        4 bytes
 Hardware stack levels used:    1
 Hardware stack levels required when called:    1
 This function calls:
		_gpio_pin_write_value
 This function is called by:
		_main
 This function uses a non-reentrant model


 *************** function _led_initialize *****************
 Defined at:
		line 15 in file "ecu_led.c"
 Parameters:    Size  Location     Type
  led             2    9[COMRAM] PTR struct .
		 -> led3(1), led2(1), led1(1), 
 Auto vars:     Size  Location     Type
  ret             1    0        enum E2687
 Return value:  Size  Location     Type
                  1    wreg      enum E3005
 Registers used:
		wreg, fsr2l, fsr2h, status,2, status,0, prodl, prodh, cstack
 Tracked objects:
		On entry : 
		On exit  : 
		Unchanged: 
 Data sizes:     COMRAM   BANK0   BANK1   BANK2   BANK3   BANK4   BANK5   BANK6   BANK7   BANK8   BANK9  BANK10  BANK11  BANK12  BANK13  BANK14  BANK15
      Params:         2       0       0       0       0       0       0       0       0       0       0       0       0       0       0       0       0
      Locals:         1       0       0       0       0       0       0       0       0       0       0       0       0       0       0       0       0
      Temps:          1       0       0       0       0       0       0       0       0       0       0       0       0       0       0       0       0
      Totals:         4       0       0       0       0       0       0       0       0       0       0       0       0       0       0       0       0
Total ram usage:        4 bytes
 Hardware stack levels used:    1
 Hardware stack levels required when called:    1
 This function calls:
		_gpio_pin_direction_intialize
		_gpio_pin_write_value
 This function is called by:
		_main
 This function uses a non-reentrant model


 *************** function _gpio_pin_write_value *****************
 Defined at:
		line 91 in file "mcal_gpio.c"
 Parameters:    Size  Location     Type
  port            1    wreg     enum E2709
  pin             1    0[COMRAM] enum E2699
  logic           1    1[COMRAM] enum E2691
 Auto vars:     Size  Location     Type
  port            1    8[COMRAM] enum E2709
  ret             1    0        enum E2687
 Return value:  Size  Location     Type
                  1    wreg      enum E2687
 Registers used:
		wreg, fsr2l, fsr2h, status,2, status,0, prodl, prodh
 Tracked objects:
		On entry : 
		On exit  : 
		Unchanged: 
 Data sizes:     COMRAM   BANK0   BANK1   BANK2   BANK3   BANK4   BANK5   BANK6   BANK7   BANK8   BANK9  BANK10  BANK11  BANK12  BANK13  BANK14  BANK15
      Params:         2       0       0       0       0       0       0       0       0       0       0       0       0       0       0       0       0
      Locals:         2       0       0       0       0       0       0       0       0       0       0       0       0       0       0       0       0
      Temps:          5       0       0       0       0       0       0       0       0       0       0       0       0       0       0       0       0
      Totals:         9       0       0       0       0       0       0       0       0       0       0       0       0       0       0       0       0
Total ram usage:        9 bytes
 Hardware stack levels used:    1
 This function calls:
		Nothing
 This function is called by:
		_led_initialize
		_led_turn_on
		_led_turn_off
 This function uses a non-reentrant model


 *************** function _button_initialize *****************
 Defined at:
		line 14 in file "ecu_button.c"
 Parameters:    Size  Location     Type
  btn             2    9[COMRAM] PTR struct .
		 -> btn2(1), 
 Auto vars:     Size  Location     Type
  ret             1    0        enum E2687
 Return value:  Size  Location     Type
                  1    wreg      enum E3005
 Registers used:
		wreg, fsr2l, fsr2h, status,2, status,0, prodl, prodh, cstack
 Tracked objects:
		On entry : 
		On exit  : 
		Unchanged: 
 Data sizes:     COMRAM   BANK0   BANK1   BANK2   BANK3   BANK4   BANK5   BANK6   BANK7   BANK8   BANK9  BANK10  BANK11  BANK12  BANK13  BANK14  BANK15
      Params:         2       0       0       0       0       0       0       0       0       0       0       0       0       0       0       0       0
      Locals:         1       0       0       0       0       0       0       0       0       0       0       0       0       0       0       0       0
      Temps:          1       0       0       0       0       0       0       0       0       0       0       0       0       0       0       0       0
      Totals:         4       0       0       0       0       0       0       0       0       0       0       0       0       0       0       0       0
Total ram usage:        4 bytes
 Hardware stack levels used:    1
 Hardware stack levels required when called:    1
 This function calls:
		_gpio_pin_direction_intialize
 This function is called by:
		_main
 This function uses a non-reentrant model


 *************** function _gpio_pin_direction_intialize *****************
 Defined at:
		line 41 in file "mcal_gpio.c"
 Parameters:    Size  Location     Type
  port            1    wreg     enum E2709
  pin             1    0[COMRAM] enum E2699
  direction       1    1[COMRAM] enum E2695
 Auto vars:     Size  Location     Type
  port            1    8[COMRAM] enum E2709
  ret             1    0        enum E2687
 Return value:  Size  Location     Type
                  1    wreg      enum E2687
 Registers used:
		wreg, fsr2l, fsr2h, status,2, status,0, prodl, prodh
 Tracked objects:
		On entry : 
		On exit  : 
		Unchanged: 
 Data sizes:     COMRAM   BANK0   BANK1   BANK2   BANK3   BANK4   BANK5   BANK6   BANK7   BANK8   BANK9  BANK10  BANK11  BANK12  BANK13  BANK14  BANK15
      Params:         2       0       0       0       0       0       0       0       0       0       0       0       0       0       0       0       0
      Locals:         2       0       0       0       0       0       0       0       0       0       0       0       0       0       0       0       0
      Temps:          5       0       0       0       0       0       0       0       0       0       0       0       0       0       0       0       0
      Totals:         9       0       0       0       0       0       0       0       0       0       0       0       0       0       0       0       0
Total ram usage:        9 bytes
 Hardware stack levels used:    1
 This function calls:
		Nothing
 This function is called by:
		_button_initialize
		_led_initialize
 This function uses a non-reentrant model


 *************** function _button_get_status *****************
 Defined at:
		line 32 in file "ecu_button.c"
 Parameters:    Size  Location     Type
  btn             2    9[COMRAM] PTR struct .
		 -> btn2(1), 
  btn_status      2   11[COMRAM] PTR enum E2751
		 -> btn2_status(1), 
 Auto vars:     Size  Location     Type
  ret             1    0        enum E2687
 Return value:  Size  Location     Type
                  1    wreg      enum E3005
 Registers used:
		wreg, fsr2l, fsr2h, status,2, status,0, prodl, prodh, cstack
 Tracked objects:
		On entry : 
		On exit  : 
		Unchanged: 
 Data sizes:     COMRAM   BANK0   BANK1   BANK2   BANK3   BANK4   BANK5   BANK6   BANK7   BANK8   BANK9  BANK10  BANK11  BANK12  BANK13  BANK14  BANK15
      Params:         4       0       0       0       0       0       0       0       0       0       0       0       0       0       0       0       0
      Locals:         1       0       0       0       0       0       0       0       0       0       0       0       0       0       0       0       0
      Temps:          1       0       0       0       0       0       0       0       0       0       0       0       0       0       0       0       0
      Totals:         6       0       0       0       0       0       0       0       0       0       0       0       0       0       0       0       0
Total ram usage:        6 bytes
 Hardware stack levels used:    1
 Hardware stack levels required when called:    1
 This function calls:
		_gpio_pin_read_value
 This function is called by:
		_main
 This function uses a non-reentrant model


 *************** function _gpio_pin_read_value *****************
 Defined at:
		line 119 in file "mcal_gpio.c"
 Parameters:    Size  Location     Type
  port            1    wreg     enum E2709
  pin             1    0[COMRAM] enum E2699
  logic           2    1[COMRAM] PTR enum E2691
		 -> btn2_status(1), 
 Auto vars:     Size  Location     Type
  port            1    8[COMRAM] enum E2709
  ret             1    0        enum E2687
 Return value:  Size  Location     Type
                  1    wreg      enum E2687
 Registers used:
		wreg, fsr2l, fsr2h, status,2, status,0, prodl, prodh
 Tracked objects:
		On entry : 
		On exit  : 
		Unchanged: 
 Data sizes:     COMRAM   BANK0   BANK1   BANK2   BANK3   BANK4   BANK5   BANK6   BANK7   BANK8   BANK9  BANK10  BANK11  BANK12  BANK13  BANK14  BANK15
      Params:         3       0       0       0       0       0       0       0       0       0       0       0       0       0       0       0       0
      Locals:         2       0       0       0       0       0       0       0       0       0       0       0       0       0       0       0       0
      Temps:          4       0       0       0       0       0       0       0       0       0       0       0       0       0       0       0       0
      Totals:         9       0       0       0       0       0       0       0       0       0       0       0       0       0       0       0       0
Total ram usage:        9 bytes
 Hardware stack levels used:    1
 This function calls:
		Nothing
 This function is called by:
		_button_get_status
 This function uses a non-reentrant model



MODULE INFORMATION

Module		Function		Class		Link	Load	Size
ecu_led.c
		_led_initialize		CODE           	FA8C	0000	152
		_led_turn_on   		CODE           	FA0C	0000	128
		_led_turn_off  		CODE           	F98C	0000	128

ecu_led.c estimated size: 408

mcal_gpio.c
		_gpio_pin_write_value		CODE           	FC88	0000	200
		_gpio_pin_direction_intialize		CODE           	FBC0	0000	200
		_gpio_pin_read_value		CODE           	F8A6	0000	112

mcal_gpio.c estimated size: 512

ecu_button.c
		_button_initialize		CODE           	F916	0000	118
		_button_get_status		CODE           	FB24	0000	156

ecu_button.c estimated size: 274

shared
		__initialization		CODE           	F87A	0000	34

shared estimated size: 34

application.c
		_main          		CODE           	FD50	0000	688

application.c estimated size: 688

